[demos.creative-tim.com/bs3/material-kit-pro/presentation.html]
[demos.creative-tim.com/bs3/material-kit-pro/assets/img/apple-icon.png]
[demos.creative-tim.com/bs3/material-kit-pro/assets/img/favicon.png]
[backblue.gif]
[fade.gif]
[index.html]
[maxcdn.bootstrapcdn.com/font-awesome/latest/css/font-awesome.min.css]
[demos.creative-tim.com/bs3/material-kit-pro/assets/css/bootstrap.min.css]
[demos.creative-tim.com/bs3/material-kit-pro/assets/css/material-kit23cd.css]
[demos.creative-tim.com/bs3/material-kit-pro/index.html]
[demos.creative-tim.com/bs3/material-kit-pro/sections.html]
[demos.creative-tim.com/bs3/material-kit-pro/examples/about-us.html]
[demos.creative-tim.com/bs3/material-kit-pro/examples/blog-post.html]
[demos.creative-tim.com/bs3/material-kit-pro/examples/blog-posts.html]
[demos.creative-tim.com/bs3/material-kit-pro/examples/contact-us.html]
[demos.creative-tim.com/bs3/material-kit-pro/examples/landing-page.html]
[demos.creative-tim.com/bs3/material-kit-pro/examples/login-page.html]
[demos.creative-tim.com/bs3/material-kit-pro/examples/pricing.html]
[demos.creative-tim.com/bs3/material-kit-pro/examples/ecommerce.html]
[demos.creative-tim.com/bs3/material-kit-pro/examples/product-page.html]
[demos.creative-tim.com/bs3/material-kit-pro/examples/profile-page.html]
[demos.creative-tim.com/bs3/material-kit-pro/examples/signup-page.html]
[demos.creative-tim.com/bs3/material-kit-pro/assets/img/bg0.jpg]
[demos.creative-tim.com/bs3/material-kit-pro/assets/img/presentation/components.jpg]
[demos.creative-tim.com/bs3/material-kit-pro/assets/assets-for-demo/cards-test.png]
[demos.creative-tim.com/bs3/material-kit-pro/assets/assets-for-demo/content-test.png]
[demos.creative-tim.com/bs3/material-kit-pro/assets/assets-for-demo/h_1.jpg]
[demos.creative-tim.com/bs3/material-kit-pro/assets/assets-for-demo/h_2.jpg]
[demos.creative-tim.com/bs3/material-kit-pro/assets/assets-for-demo/h_3.jpg]
[demos.creative-tim.com/bs3/material-kit-pro/assets/assets-for-demo/h_4.jpg]
[demos.creative-tim.com/bs3/material-kit-pro/assets/assets-for-demo/f_1.jpg]
[demos.creative-tim.com/bs3/material-kit-pro/assets/assets-for-demo/f_2.jpg]
[demos.creative-tim.com/bs3/material-kit-pro/assets/assets-for-demo/f_3.jpg]
[demos.creative-tim.com/bs3/material-kit-pro/assets/assets-for-demo/f_4.jpg]
[demos.creative-tim.com/bs3/material-kit-pro/assets/assets-for-demo/f_5.jpg]
[demos.creative-tim.com/bs3/material-kit-pro/assets/assets-for-demo/b_2.jpg]
[demos.creative-tim.com/bs3/material-kit-pro/assets/assets-for-demo/b_3.jpg]
[demos.creative-tim.com/bs3/material-kit-pro/assets/assets-for-demo/b_4.jpg]
[demos.creative-tim.com/bs3/material-kit-pro/assets/assets-for-demo/b_1.jpg]
[demos.creative-tim.com/bs3/material-kit-pro/assets/assets-for-demo/p_2.jpg]
[demos.creative-tim.com/bs3/material-kit-pro/assets/assets-for-demo/p_3.jpg]
[demos.creative-tim.com/bs3/material-kit-pro/assets/assets-for-demo/p_4.jpg]
[demos.creative-tim.com/bs3/material-kit-pro/assets/assets-for-demo/p_5.jpg]
[demos.creative-tim.com/bs3/material-kit-pro/assets/assets-for-demo/p_1.jpg]
[demos.creative-tim.com/bs3/material-kit-pro/assets/assets-for-demo/pro_2.jpg]
[demos.creative-tim.com/bs3/material-kit-pro/assets/assets-for-demo/pro_3.jpg]
[demos.creative-tim.com/bs3/material-kit-pro/assets/assets-for-demo/m_1.jpg]
[demos.creative-tim.com/bs3/material-kit-pro/assets/assets-for-demo/pro_1.jpg]
[demos.creative-tim.com/bs3/material-kit-pro/assets/assets-for-demo/t_2.jpg]
[demos.creative-tim.com/bs3/material-kit-pro/assets/assets-for-demo/t_3.jpg]
[demos.creative-tim.com/bs3/material-kit-pro/assets/assets-for-demo/team_5.jpg]
[demos.creative-tim.com/bs3/material-kit-pro/assets/assets-for-demo/team_1.jpg]
[demos.creative-tim.com/bs3/material-kit-pro/assets/assets-for-demo/team_2.jpg]
[demos.creative-tim.com/bs3/material-kit-pro/assets/assets-for-demo/team_3.jpg]
[demos.creative-tim.com/bs3/material-kit-pro/assets/assets-for-demo/t_1.jpg]
[demos.creative-tim.com/bs3/material-kit-pro/assets/assets-for-demo/team_4.jpg]
[demos.creative-tim.com/bs3/material-kit-pro/assets/assets-for-demo/pro_4.jpg]
[demos.creative-tim.com/bs3/material-kit-pro/assets/assets-for-demo/m_2.jpg]
[demos.creative-tim.com/bs3/material-kit-pro/assets/assets-for-demo/ex-about-us.jpg]
[demos.creative-tim.com/bs3/material-kit-pro/assets/assets-for-demo/ex-landing.jpg]
[demos.creative-tim.com/bs3/material-kit-pro/assets/assets-for-demo/ex-contact.jpg]
[demos.creative-tim.com/bs3/material-kit-pro/assets/assets-for-demo/ex-blog-post.jpg]
[demos.creative-tim.com/bs3/material-kit-pro/assets/assets-for-demo/ex-product.jpg]
[demos.creative-tim.com/bs3/material-kit-pro/assets/assets-for-demo/ex-login.jpg]
[demos.creative-tim.com/bs3/material-kit-pro/assets/assets-for-demo/ex-pricing.jpg]
[demos.creative-tim.com/bs3/material-kit-pro/assets/assets-for-demo/ex-register.jpg]
[demos.creative-tim.com/bs3/material-kit-pro/assets/assets-for-demo/ex-profile.jpg]
[demos.creative-tim.com/bs3/material-kit-pro/assets/assets-for-demo/ex-blog-posts.jpg]
[demos.creative-tim.com/bs3/material-kit-pro/assets/assets-for-demo/features-5.jpg]
[demos.creative-tim.com/bs3/material-kit-pro/assets/assets-for-demo/test1.jpg]
[demos.creative-tim.com/bs3/material-kit-pro/assets/assets-for-demo/test2.jpg]
[demos.creative-tim.com/bs3/material-kit-pro/assets/assets-for-demo/test3.jpg]
[demos.creative-tim.com/bs3/material-kit-pro/assets/assets-for-demo/vodafone.jpg]
[demos.creative-tim.com/bs3/material-kit-pro/assets/assets-for-demo/microsoft.jpg]
[demos.creative-tim.com/bs3/material-kit-pro/assets/assets-for-demo/harvard.jpg]
[demos.creative-tim.com/bs3/material-kit-pro/assets/assets-for-demo/stanford.jpg]
[demos.creative-tim.com/bs3/material-kit-pro/assets/js/jquery.min.js]
[demos.creative-tim.com/bs3/material-kit-pro/assets/js/bootstrap.min.js]
[demos.creative-tim.com/bs3/material-kit-pro/assets/js/material.min.js]
[demos.creative-tim.com/bs3/material-kit-pro/assets/js/moment.min.js]
[demos.creative-tim.com/bs3/material-kit-pro/assets/js/nouislider.min.js]
[demos.creative-tim.com/bs3/material-kit-pro/assets/js/bootstrap-datetimepicker.js]
[demos.creative-tim.com/bs3/material-kit-pro/assets/js/bootstrap-selectpicker.js]
[demos.creative-tim.com/bs3/material-kit-pro/assets/js/bootstrap-tagsinput.js]
[demos.creative-tim.com/bs3/material-kit-pro/assets/js/jasny-bootstrap.min.js]
[demos.creative-tim.com/bs3/material-kit-pro/assets/js/material-kit98f3.js]
[buttons.github.io/buttons.js]
[demos.creative-tim.com/bs3/material-kit-pro/assets/assets-for-demo/jquery.sharrre.js]
[demos.creative-tim.com/bs3/material-kit-pro/presentation.html]
[maxcdn.bootstrapcdn.com/font-awesome/latest/css/font-awesome.min.css]
[demos.creative-tim.com/bs3/material-kit-pro/assets/css/bootstrap.min.css]
[s3.amazonaws.com/creativetim_bucket/products/46/original/opt_mkp_thumbnail.jpg]
[connect.facebook.net/en_US/fbevents.js]
[demos.creative-tim.com/bs3/material-kit-pro/assets/img/arrow-left.png]
[demos.creative-tim.com/bs3/material-kit-pro/assets/img/arrow-left.cur]
[demos.creative-tim.com/bs3/material-kit-pro/assets/img/arrow-right.png]
[demos.creative-tim.com/bs3/material-kit-pro/assets/img/arrow-right.cur]
[demos.creative-tim.com/bs3/material-kit-pro/assets/css/material-kit23cd.css]
[www.googletagmanager.com/gtm5445.html]
[demos.creative-tim.com/bs3/material-kit-pro/assets/css/material-kit98f3.css]
[demos.creative-tim.com/bs3/material-kit-pro/assets/assets-for-demo/vertical-nav.css]
[demos.creative-tim.com/bs3/material-kit-pro/assets/assets-for-demo/demo.css]
[demos.creative-tim.com/bs3/material-kit-pro/assets/img/faces/avatar.jpg]
[demos.creative-tim.com/bs3/material-kit-pro/assets/img/bg7.jpg]
[demos.creative-tim.com/bs3/material-kit-pro/assets/img/faces/card-profile6-square.jpg]
[demos.creative-tim.com/bs3/material-kit-pro/assets/img/faces/christian.jpg]
[demos.creative-tim.com/bs3/material-kit-pro/assets/img/faces/card-profile4-square.jpg]
[demos.creative-tim.com/bs3/material-kit-pro/assets/img/faces/card-profile1-square.jpg]
[demos.creative-tim.com/bs3/material-kit-pro/assets/img/faces/marc.jpg]
[demos.creative-tim.com/bs3/material-kit-pro/assets/img/faces/kendall.jpg]
[demos.creative-tim.com/bs3/material-kit-pro/assets/img/faces/card-profile5-square.jpg]
[demos.creative-tim.com/bs3/material-kit-pro/assets/img/faces/card-profile2-square.jpg]
[demos.creative-tim.com/bs3/material-kit-pro/assets/img/product1.jpg]
[demos.creative-tim.com/bs3/material-kit-pro/assets/img/product2.jpg]
[demos.creative-tim.com/bs3/material-kit-pro/assets/img/product3.jpg]
[demos.creative-tim.com/bs3/material-kit-pro/assets/img/placeholder.jpg]
[demos.creative-tim.com/bs3/material-kit-pro/assets/img/examples/card-blog1.jpg]
[demos.creative-tim.com/bs3/material-kit-pro/assets/img/examples/card-blog2.jpg]
[demos.creative-tim.com/bs3/material-kit-pro/assets/img/examples/blog8.jpg]
[demos.creative-tim.com/bs3/material-kit-pro/assets/img/examples/card-profile4.jpg]
[demos.creative-tim.com/bs3/material-kit-pro/assets/img/examples/card-profile1.jpg]
[demos.creative-tim.com/bs3/material-kit-pro/assets/img/examples/office1.jpg]
[demos.creative-tim.com/bs3/material-kit-pro/assets/img/examples/card-blog3.jpg]
[demos.creative-tim.com/bs3/material-kit-pro/assets/img/examples/card-blog5.jpg]
[demos.creative-tim.com/bs3/material-kit-pro/assets/img/examples/card-blog6.jpg]
[demos.creative-tim.com/bs3/material-kit-pro/assets/img/examples/color1.jpg]
[demos.creative-tim.com/bs3/material-kit-pro/assets/img/examples/color2.jpg]
[demos.creative-tim.com/bs3/material-kit-pro/assets/img/examples/color3.jpg]
[demos.creative-tim.com/bs3/material-kit-pro/assets/img/examples/blog5.jpg]
[demos.creative-tim.com/bs3/material-kit-pro/assets/img/examples/blog1.jpg]
[demos.creative-tim.com/bs3/material-kit-pro/assets/img/examples/blog6.jpg]
[demos.creative-tim.com/bs3/material-kit-pro/assets/img/image_placeholder.jpg]
[demos.creative-tim.com/bs3/material-kit-pro/assets/img/bg2.jpg]
[demos.creative-tim.com/bs3/material-kit-pro/assets/img/bg3.jpg]
[demos.creative-tim.com/bs3/material-kit-pro/assets/img/bg.jpg]
[demos.creative-tim.com/bs3/material-kit-pro/assets/img/dg1.jpg]
[demos.creative-tim.com/bs3/material-kit-pro/assets/img/dg2.jpg]
[demos.creative-tim.com/bs3/material-kit-pro/assets/assets-for-demo/modernizr.js]
[demos.creative-tim.com/bs3/material-kit-pro/index.html]
[demos.creative-tim.com/bs3/material-kit-pro/assets/assets-for-demo/vertical-nav.js]
[demos.creative-tim.com/bs3/material-kit-pro/assets/img/bg12.jpg]
[demos.creative-tim.com/bs3/material-kit-pro/assets/img/examples/office2.jpg]
[demos.creative-tim.com/bs3/material-kit-pro/assets/img/dg3.jpg]
[demos.creative-tim.com/bs3/material-kit-pro/assets/img/sections/iphone.png]
[demos.creative-tim.com/bs3/material-kit-pro/assets/img/sections/iphone2.png]
[demos.creative-tim.com/bs3/material-kit-pro/assets/img/bg9.jpg]
[demos.creative-tim.com/bs3/material-kit-pro/assets/img/examples/card-blog4.jpg]
[demos.creative-tim.com/bs3/material-kit-pro/assets/img/office2.jpg]
[demos.creative-tim.com/bs3/material-kit-pro/assets/img/examples/blog7.jpg]
[demos.creative-tim.com/bs3/material-kit-pro/assets/img/bg5.jpg]
[demos.creative-tim.com/bs3/material-kit-pro/assets/img/examples/card-profile2.jpg]
[demos.creative-tim.com/bs3/material-kit-pro/assets/img/examples/city.jpg]
[demos.creative-tim.com/bs3/material-kit-pro/assets/img/examples/card-project6.jpg]
[s3.amazonaws.com/creativetim_bucket/products/34/original/opt_lbd_pro_thumbnail.jpg]
[s3.amazonaws.com/creativetim_bucket/products/26/original/opt_gsdk_new_thumbnail.jpg]
[demos.creative-tim.com/bs3/material-kit-pro/assets/img/examples/card-project1.jpg]
[demos.creative-tim.com/bs3/material-kit-pro/assets/img/examples/card-project2.jpg]
[demos.creative-tim.com/bs3/material-kit-pro/assets/img/examples/card-project3.jpg]
[demos.creative-tim.com/bs3/material-kit-pro/assets/img/examples/card-project4.jpg]
[demos.creative-tim.com/bs3/material-kit-pro/assets/img/examples/card-project5.jpg]
[demos.creative-tim.com/bs3/material-kit-pro/assets/img/bg11.jpg]
[demos.creative-tim.com/bs3/material-kit-pro/sections.html]
[demos.creative-tim.com/bs3/material-kit-pro/assets/img/examples/office4.jpg]
[demos.creative-tim.com/bs3/material-kit-pro/assets/img/examples/office3.jpg]
[demos.creative-tim.com/bs3/material-kit-pro/assets/img/examples/office5.jpg]
[demos.creative-tim.com/bs3/material-kit-pro/examples/about-us.html]
[demos.creative-tim.com/bs3/material-kit-pro/assets/img/examples/blog4.jpg]
[demos.creative-tim.com/bs3/material-kit-pro/assets/img/examples/blog3.jpg]
[demos.creative-tim.com/bs3/material-kit-pro/examples/blog-post.html]
[demos.creative-tim.com/bs3/material-kit-pro/assets/img/bg10.jpg]
[demos.creative-tim.com/bs3/material-kit-pro/examples/blog-posts.html]
[demos.creative-tim.com/bs3/material-kit-pro/examples/contact-us.html]
[demos.creative-tim.com/bs3/material-kit-pro/assets/img/bg8.jpg]
[demos.creative-tim.com/bs3/material-kit-pro/examples/landing-page.html]
[demos.creative-tim.com/bs3/material-kit-pro/examples/login-page.html]
[demos.creative-tim.com/bs3/material-kit-pro/examples/pricing.html]
[demos.creative-tim.com/bs3/material-kit-pro/examples/presentation.html]
[demos.creative-tim.com/bs3/material-kit-pro/assets/img/examples/ecommerce-tips2.jpg]
[demos.creative-tim.com/bs3/material-kit-pro/assets/img/examples/gucci.jpg]
[demos.creative-tim.com/bs3/material-kit-pro/assets/img/examples/dolce.jpg]
[demos.creative-tim.com/bs3/material-kit-pro/assets/img/examples/tom-ford.jpg]
[demos.creative-tim.com/bs3/material-kit-pro/assets/img/examples/suit-1.jpg]
[demos.creative-tim.com/bs3/material-kit-pro/assets/img/examples/suit-2.jpg]
[demos.creative-tim.com/bs3/material-kit-pro/assets/img/examples/suit-3.jpg]
[demos.creative-tim.com/bs3/material-kit-pro/assets/img/examples/suit-4.jpg]
[demos.creative-tim.com/bs3/material-kit-pro/assets/img/examples/suit-5.jpg]
[demos.creative-tim.com/bs3/material-kit-pro/assets/img/examples/suit-6.jpg]
[demos.creative-tim.com/bs3/material-kit-pro/assets/img/examples/chris9.jpg]
[demos.creative-tim.com/bs3/material-kit-pro/assets/img/examples/chris1.jpg]
[demos.creative-tim.com/bs3/material-kit-pro/assets/img/dg6.jpg]
[demos.creative-tim.com/bs3/material-kit-pro/assets/img/dg10.jpg]
[demos.creative-tim.com/bs3/material-kit-pro/assets/img/dg9.jpg]
[demos.creative-tim.com/bs3/material-kit-pro/assets/img/examples/ecommerce-header.jpg]
[demos.creative-tim.com/bs3/material-kit-pro/examples/ecommerce.html]
[demos.creative-tim.com/bs3/material-kit-pro/assets/img/bg6.jpg]
[demos.creative-tim.com/bs3/material-kit-pro/assets/img/examples/product1.jpg]
[demos.creative-tim.com/bs3/material-kit-pro/assets/img/examples/product2.jpg]
[demos.creative-tim.com/bs3/material-kit-pro/assets/img/examples/product3.jpg]
[demos.creative-tim.com/bs3/material-kit-pro/assets/img/examples/product4.jpg]
[demos.creative-tim.com/bs3/material-kit-pro/assets/img/examples/card-product1.jpg]
[demos.creative-tim.com/bs3/material-kit-pro/assets/img/examples/card-product3.jpg]
[demos.creative-tim.com/bs3/material-kit-pro/assets/img/examples/card-product4.jpg]
[demos.creative-tim.com/bs3/material-kit-pro/assets/img/examples/card-product2.jpg]
[demos.creative-tim.com/bs3/material-kit-pro/examples/product-page.html]
[demos.creative-tim.com/bs3/material-kit-pro/assets/js/jquery.flexisel.js]
[demos.creative-tim.com/bs3/material-kit-pro/assets/img/examples/chris4.jpg]
[demos.creative-tim.com/bs3/material-kit-pro/assets/img/examples/chris6.jpg]
[demos.creative-tim.com/bs3/material-kit-pro/assets/img/examples/chris5.jpg]
[demos.creative-tim.com/bs3/material-kit-pro/assets/img/examples/chris7.jpg]
[demos.creative-tim.com/bs3/material-kit-pro/examples/profile-page.html]
[demos.creative-tim.com/bs3/material-kit-pro/examples/signup-page.html]
[demos.creative-tim.com/bs3/material-kit-pro/c]
[demos.creative-tim.com/bs3/material-kit-pro/b]
[demos.creative-tim.com/bs3/material-kit-pro/POST]
[connect.facebook.net/en_US/fbevents.js]
[demos.creative-tim.com/bs3/material-kit-pro/assets/css/material-kit98f3.css]
[demos.creative-tim.com/bs3/material-kit-pro/assets/img/cd-arrow-bottom.svg]
[demos.creative-tim.com/bs3/material-kit-pro/assets/assets-for-demo/vertical-nav.css]
[demos.creative-tim.com/bs3/material-kit-pro/assets/assets-for-demo/demo.css]
[s3.amazonaws.com/creativetim_bucket/products/38/original/opt_mk_thumbnailac92.jpg]
[demos.creative-tim.com/bs3/material-kit-pro/examples/presentation.html]
[demos.creative-tim.com/bs3/material-kit-pro/c.html]
[demos.creative-tim.com/bs3/material-kit-pro/b.html]
[demos.creative-tim.com/bs3/material-kit-pro/POST.html]
[demos.creative-tim.com/bs3/material-kit-pro/assets/img/cd-arrow-bottom.html]
